Mono path[0] = 'E:/Projects/URDT/Builds/URDT_TestPoligon/URDT_TestPoligon_Data/Managed'
Mono config path = 'E:/Projects/URDT/Builds/URDT_TestPoligon/MonoBleedingEdge/etc'
Starting managed debugger on port 56096
Using monoOptions --debugger-agent=transport=dt_socket,embedding=1,server=y,suspend=n,address=0.0.0.0:56096
CodeReloadManager initialized
Found 3 interfaces on host : 0) 192.168.0.235 1) 172.19.176.1 2) 172.18.0.1
Player connection [32980]  Target information:

Player connection [32980]  * "[IP] 192.168.0.235 [Port] 55000 [Flags] 2 [Guid] 2291305096 [EditorId] 3715043140 [Version] 1048832 [Id] WindowsPlayer(2,DavASkoPC04) [Debug] 1 [PackageName] WindowsPlayer [ProjectName] URDT_gen" 

Player connection [32980]  * "[IP] 172.19.176.1 [Port] 55000 [Flags] 2 [Guid] 2291305096 [EditorId] 3715043140 [Version] 1048832 [Id] WindowsPlayer(2,DavASkoPC04) [Debug] 1 [PackageName] WindowsPlayer [ProjectName] URDT_gen" 

Player connection [32980]  * "[IP] 172.18.0.1 [Port] 55000 [Flags] 2 [Guid] 2291305096 [EditorId] 3715043140 [Version] 1048832 [Id] WindowsPlayer(2,DavASkoPC04) [Debug] 1 [PackageName] WindowsPlayer [ProjectName] URDT_gen" 

Player connection [32980] Started UDP target info broadcast (1) on [225.0.0.222:54997].

Input System module state changed to: Initialized.
[Physics::Module] Initialized fallback backend.
[Physics::Module] Id: 0xdecafbad
Initialize engine version: 6000.4.4f1 (360f97ecca93)
[Subsystems] Discovering subsystems at path E:/Projects/URDT/Builds/URDT_TestPoligon/URDT_TestPoligon_Data/UnitySubsystems
[D3D12 Device Filter] Vendor Name: NVIDIA
[D3D12 Device Filter] Device Name: NVIDIA GeForce RTX 2070
[D3D12 Device Filter] Driver Version: 32.0.15.9597
[D3D12 Device Filter] Feature Level: 12.2
[D3D12 Device Filter] Graphics Memory: 8006 MB
[D3D12 Device Filter] Processor Count: 32
[D3D12 Device Filter] Device Type: Discrete
GfxDevice: creating device client; kGfxThreadingModeSplitJobs
d3d12: failed to query info queue interface (0x80004002).
Direct3D:
    Version:         Direct3D 12 [level 12.2]
    Renderer:        NVIDIA GeForce RTX 2070 (ID=0x1f02)
    Vendor:          NVIDIA
    VRAM:            8006 MB
    App VRAM Budget: 7238 MB
    Driver:          32.0.15.9597
Begin MonoManager ReloadAssembly
- Finished resetting the current domain, in  0.003 seconds
[Physics::Module] Selected backend.
[Physics::Module] Name: PhysX
[Physics::Module] Id: 0xf2b8ea05
[Physics::Module] SDK Version: 4.1.2
[Physics::Module] Integration Version: 1.0.0
[Physics::Module] Threading Mode: Multi-Threaded
<RI> Initializing input.
Using Windows.Gaming.Input
<RI> Input initialized.
UnloadTime: 4.327000 ms
[NavButtonClickHandler] OnPointerClick on BtnRunSequential
UnityEngine.Debug:ExtractStackTraceNoAlloc (byte*,int,string)
UnityEngine.StackTraceUtility:ExtractStackTrace () (at C:/build/output/unity/unity/Runtime/Export/Scripting/StackTrace.cs:35)
UnityEngine.DebugLogHandler:Internal_Log (UnityEngine.LogType,UnityEngine.LogOption,string,UnityEngine.Object)
UnityEngine.DebugLogHandler:LogFormat (UnityEngine.LogType,UnityEngine.Object,string,object[]) (at C:/build/output/unity/unity/Runtime/Export/Logging/DebugLogHandler.cs:9)
UnityEngine.Logger:Log (UnityEngine.LogType,object) (at C:/build/output/unity/unity/Runtime/Export/Logging/Logger.cs:60)
UnityEngine.Debug:Log (object) (at C:/build/output/unity/unity/Runtime/Export/Debug/Debug.bindings.cs:123)
KBP.URDT.TestPoligon.Mechanics2D.Core.NavButtonClickHandler:OnPointerClick (UnityEngine.EventSystems.PointerEventData) (at E:/Projects/URDT/Assets/URDT_TestPoligon/2D_Polygon/Scripts/Core/Mechanic2DHost.cs:1705)
UnityEngine.EventSystems.ExecuteEvents:Execute (UnityEngine.EventSystems.IPointerClickHandler,UnityEngine.EventSystems.BaseEventData) (at ./Library/PackageCache/com.unity.ugui@d8a2716f3013/Runtime/UGUI/EventSystem/ExecuteEvents.cs:57)
UnityEngine.EventSystems.ExecuteEvents:Execute<UnityEngine.EventSystems.IPointerClickHandler> (UnityEngine.GameObject,UnityEngine.EventSystems.BaseEventData,UnityEngine.EventSystems.ExecuteEvents/EventFunction`1<UnityEngine.EventSystems.IPointerClickHandler>) (at ./Library/PackageCache/com.unity.ugui@d8a2716f3013/Runtime/UGUI/EventSystem/ExecuteEvents.cs:272)
UnityEngine.InputSystem.UI.InputSystemUIInputModule:ProcessPointerButton (UnityEngine.InputSystem.UI.PointerModel/ButtonState&,UnityEngine.EventSystems.PointerEventData) (at ./Library/PackageCache/com.unity.inputsystem@57d0e36f6123/InputSystem/Plugins/UI/InputSystemUIInputModule.cs:731)
UnityEngine.InputSystem.UI.InputSystemUIInputModule:ProcessPointer (UnityEngine.InputSystem.UI.PointerModel&) (at ./Library/PackageCache/com.unity.inputsystem@57d0e36f6123/InputSystem/Plugins/UI/InputSystemUIInputModule.cs:490)
UnityEngine.InputSystem.UI.InputSystemUIInputModule:Process () (at ./Library/PackageCache/com.unity.inputsystem@57d0e36f6123/InputSystem/Plugins/UI/InputSystemUIInputModule.cs:2404)
KBP.URDT.UrdtServerHost:ProcessEventSystemOnce () (at ./Packages/com.davasko.urdt/Runtime/UrdtServerHost.cs:708)
KBP.URDT.UrdtServerHost:PumpInputTransaction (int) (at ./Packages/com.davasko.urdt/Runtime/UrdtServerHost.cs:662)
KBP.URDT.UrdtServerHost:FinalizeCommandResponse (KBP.URDT.Transport.Command,KBP.URDT.Transport.Response) (at ./Packages/com.davasko.urdt/Runtime/UrdtServerHost.cs:578)
KBP.URDT.Transport.MainThreadDispatcher:PumpInbound () (at ./Packages/com.davasko.urdt/Runtime/Transport/MainThreadDispatcher.cs:193)
KBP.URDT.UrdtServerHost:PumpDispatcherSafely () (at ./Packages/com.davasko.urdt/Runtime/UrdtServerHost.cs:520)
KBP.URDT.UrdtServerHost:Update () (at ./Packages/com.davasko.urdt/Runtime/UrdtServerHost.cs:240)

(Filename: C:/build/output/unity/unity/Runtime/Export/Debug/Debug.bindings.cs Line: 123)

<color=#00FF99>[2D Polygon] Механика 'M01_SnapToSlot - Механика #1: Drag & Drop Snap-to-Slot' УСПЕШНО ЗАВЕРШЕНА!</color>
UnityEngine.Debug:ExtractStackTraceNoAlloc (byte*,int,string)
UnityEngine.StackTraceUtility:ExtractStackTrace () (at C:/build/output/unity/unity/Runtime/Export/Scripting/StackTrace.cs:35)
UnityEngine.DebugLogHandler:Internal_Log (UnityEngine.LogType,UnityEngine.LogOption,string,UnityEngine.Object)
UnityEngine.DebugLogHandler:LogFormat (UnityEngine.LogType,UnityEngine.Object,string,object[]) (at C:/build/output/unity/unity/Runtime/Export/Logging/DebugLogHandler.cs:9)
UnityEngine.Logger:Log (UnityEngine.LogType,object) (at C:/build/output/unity/unity/Runtime/Export/Logging/Logger.cs:60)
UnityEngine.Debug:Log (object) (at C:/build/output/unity/unity/Runtime/Export/Debug/Debug.bindings.cs:123)
KBP.URDT.TestPoligon.Mechanics2D.Core.BaseMechanic2DModule:NotifyCompleted () (at E:/Projects/URDT/Assets/URDT_TestPoligon/2D_Polygon/Scripts/Core/BaseMechanic2DModule.cs:82)
KBP.URDT.TestPoligon.Mechanics2D.Core.BaseMechanic2DModule:NotifyProgress (single,single) (at E:/Projects/URDT/Assets/URDT_TestPoligon/2D_Polygon/Scripts/Core/BaseMechanic2DModule.cs:70)
KBP.URDT.TestPoligon.Mechanics2D.M01_SnapToSlot.M01_SnapToSlotMechanic:HandleItemSnapped (KBP.URDT.TestPoligon.Mechanics2D.M01_SnapToSlot.SnapDraggableItem,KBP.URDT.TestPoligon.Mechanics2D.M01_SnapToSlot.SnapSlot) (at E:/Projects/URDT/Assets/URDT_TestPoligon/2D_Polygon/Scripts/Mechanics/M01_SnapToSlot/M01_SnapToSlotMechanic.cs:177)
KBP.URDT.TestPoligon.Mechanics2D.M01_SnapToSlot.SnapDraggableItem:OnEndDrag (UnityEngine.EventSystems.PointerEventData) (at E:/Projects/URDT/Assets/URDT_TestPoligon/2D_Polygon/Scripts/Mechanics/M01_SnapToSlot/SnapDraggableItem.cs:182)
UnityEngine.EventSystems.ExecuteEvents:Execute (UnityEngine.EventSystems.IEndDragHandler,UnityEngine.EventSystems.BaseEventData) (at ./Library/PackageCache/com.unity.ugui@d8a2716f3013/Runtime/UGUI/EventSystem/ExecuteEvents.cs:85)
UnityEngine.EventSystems.ExecuteEvents:Execute<UnityEngine.EventSystems.IEndDragHandler> (UnityEngine.GameObject,UnityEngine.EventSystems.BaseEventData,UnityEngine.EventSystems.ExecuteEvents/EventFunction`1<UnityEngine.EventSystems.IEndDragHandler>) (at ./Library/PackageCache/com.unity.ugui@d8a2716f3013/Runtime/UGUI/EventSystem/ExecuteEvents.cs:272)
UnityEngine.InputSystem.UI.InputSystemUIInputModule:ProcessPointerButton (UnityEngine.InputSystem.UI.PointerModel/ButtonState&,UnityEngine.EventSystems.PointerEventData) (at ./Library/PackageCache/com.unity.inputsystem@57d0e36f6123/InputSystem/Plugins/UI/InputSystemUIInputModule.cs:741)
UnityEngine.InputSystem.UI.InputSystemUIInputModule:ProcessPointer (UnityEngine.InputSystem.UI.PointerModel&) (at ./Library/PackageCache/com.unity.inputsystem@57d0e36f6123/InputSystem/Plugins/UI/InputSystemUIInputModule.cs:490)
UnityEngine.InputSystem.UI.InputSystemUIInputModule:Process () (at ./Library/PackageCache/com.unity.inputsystem@57d0e36f6123/InputSystem/Plugins/UI/InputSystemUIInputModule.cs:2404)
KBP.URDT.UrdtServerHost:ProcessEventSystemOnce () (at ./Packages/com.davasko.urdt/Runtime/UrdtServerHost.cs:708)
KBP.URDT.UrdtServerHost:PumpInputTransaction (int) (at ./Packages/com.davasko.urdt/Runtime/UrdtServerHost.cs:662)
KBP.URDT.UrdtServerHost:FinalizeCommandResponse (KBP.URDT.Transport.Command,KBP.URDT.Transport.Response) (at ./Packages/com.davasko.urdt/Runtime/UrdtServerHost.cs:578)
KBP.URDT.Transport.MainThreadDispatcher:PumpInbound () (at ./Packages/com.davasko.urdt/Runtime/Transport/MainThreadDispatcher.cs:193)
KBP.URDT.UrdtServerHost:PumpDispatcherSafely () (at ./Packages/com.davasko.urdt/Runtime/UrdtServerHost.cs:520)
KBP.URDT.UrdtServerHost:Update () (at ./Packages/com.davasko.urdt/Runtime/UrdtServerHost.cs:240)

(Filename: C:/build/output/unity/unity/Runtime/Export/Debug/Debug.bindings.cs Line: 123)

<color=#00FF99>[2D Polygon] Механика 'M03_WeightComparator - Механика #3: Балансировка массы / Весовой компаратор' УСПЕШНО ЗАВЕРШЕНА!</color>
UnityEngine.Debug:ExtractStackTraceNoAlloc (byte*,int,string)
UnityEngine.StackTraceUtility:ExtractStackTrace () (at C:/build/output/unity/unity/Runtime/Export/Scripting/StackTrace.cs:35)
UnityEngine.DebugLogHandler:Internal_Log (UnityEngine.LogType,UnityEngine.LogOption,string,UnityEngine.Object)
UnityEngine.DebugLogHandler:LogFormat (UnityEngine.LogType,UnityEngine.Object,string,object[]) (at C:/build/output/unity/unity/Runtime/Export/Logging/DebugLogHandler.cs:9)
UnityEngine.Logger:Log (UnityEngine.LogType,object) (at C:/build/output/unity/unity/Runtime/Export/Logging/Logger.cs:60)
UnityEngine.Debug:Log (object) (at C:/build/output/unity/unity/Runtime/Export/Debug/Debug.bindings.cs:123)
KBP.URDT.TestPoligon.Mechanics2D.Core.BaseMechanic2DModule:NotifyCompleted () (at E:/Projects/URDT/Assets/URDT_TestPoligon/2D_Polygon/Scripts/Core/BaseMechanic2DModule.cs:82)
KBP.URDT.TestPoligon.Mechanics2D.Core.BaseMechanic2DModule:CompleteMechanic () (at E:/Projects/URDT/Assets/URDT_TestPoligon/2D_Polygon/Scripts/Core/BaseMechanic2DModule.cs:58)
KBP.URDT.TestPoligon.Mechanics2D.M03_WeightComparator.M03_WeightComparatorMechanic:Update () (at E:/Projects/URDT/Assets/URDT_TestPoligon/2D_Polygon/Scripts/Mechanics/M03_WeightComparator/M03_WeightComparatorMechanic.cs:78)

(Filename: C:/build/output/unity/unity/Runtime/Export/Debug/Debug.bindings.cs Line: 123)

URDT: connection 13 superseded by 14
UnityEngine.Debug:ExtractStackTraceNoAlloc (byte*,int,string)
UnityEngine.StackTraceUtility:ExtractStackTrace () (at C:/build/output/unity/unity/Runtime/Export/Scripting/StackTrace.cs:35)
UnityEngine.DebugLogHandler:Internal_Log (UnityEngine.LogType,UnityEngine.LogOption,string,UnityEngine.Object)
UnityEngine.DebugLogHandler:LogFormat (UnityEngine.LogType,UnityEngine.Object,string,object[]) (at C:/build/output/unity/unity/Runtime/Export/Logging/DebugLogHandler.cs:9)
UnityEngine.Logger:Log (UnityEngine.LogType,object) (at C:/build/output/unity/unity/Runtime/Export/Logging/Logger.cs:60)
UnityEngine.Debug:LogWarning (object) (at C:/build/output/unity/unity/Runtime/Export/Debug/Debug.bindings.cs:213)
KBP.URDT.UrdtServerHost:PumpTransportLogs () (at ./Packages/com.davasko.urdt/Runtime/UrdtServerHost.cs:817)
KBP.URDT.UrdtServerHost:Update () (at ./Packages/com.davasko.urdt/Runtime/UrdtServerHost.cs:237)

(Filename: C:/build/output/unity/unity/Runtime/Export/Debug/Debug.bindings.cs Line: 213)

URDT: client[13] I/O: Unable to read data from the transport connection: Операция блокирования прервана вызовом WSACancelBlockingCall.
UnityEngine.Debug:ExtractStackTraceNoAlloc (byte*,int,string)
UnityEngine.StackTraceUtility:ExtractStackTrace () (at C:/build/output/unity/unity/Runtime/Export/Scripting/StackTrace.cs:35)
UnityEngine.DebugLogHandler:Internal_Log (UnityEngine.LogType,UnityEngine.LogOption,string,UnityEngine.Object)
UnityEngine.DebugLogHandler:LogFormat (UnityEngine.LogType,UnityEngine.Object,string,object[]) (at C:/build/output/unity/unity/Runtime/Export/Logging/DebugLogHandler.cs:9)
UnityEngine.Logger:Log (UnityEngine.LogType,object) (at C:/build/output/unity/unity/Runtime/Export/Logging/Logger.cs:60)
UnityEngine.Debug:LogWarning (object) (at C:/build/output/unity/unity/Runtime/Export/Debug/Debug.bindings.cs:213)
KBP.URDT.UrdtServerHost:PumpTransportLogs () (at ./Packages/com.davasko.urdt/Runtime/UrdtServerHost.cs:817)
KBP.URDT.UrdtServerHost:Update () (at ./Packages/com.davasko.urdt/Runtime/UrdtServerHost.cs:237)

(Filename: C:/build/output/unity/unity/Runtime/Export/Debug/Debug.bindings.cs Line: 213)

The character with Unicode value \u2605 was not found in the [LiberationSans SDF] font asset or any potential fallbacks. It was replaced by Unicode character \u25A1 in text object [LocalInstruction].
UnityEngine.Debug:ExtractStackTraceNoAlloc (byte*,int,string)
UnityEngine.StackTraceUtility:ExtractStackTrace () (at C:/build/output/unity/unity/Runtime/Export/Scripting/StackTrace.cs:35)
UnityEngine.DebugLogHandler:Internal_Log (UnityEngine.LogType,UnityEngine.LogOption,string,UnityEngine.Object)
UnityEngine.DebugLogHandler:LogFormat (UnityEngine.LogType,UnityEngine.Object,string,object[]) (at C:/build/output/unity/unity/Runtime/Export/Logging/DebugLogHandler.cs:9)
UnityEngine.Logger:Log (UnityEngine.LogType,object,UnityEngine.Object) (at C:/build/output/unity/unity/Runtime/Export/Logging/Logger.cs:66)
UnityEngine.Debug:LogWarning (object,UnityEngine.Object) (at C:/build/output/unity/unity/Runtime/Export/Debug/Debug.bindings.cs:216)
TMPro.TextMeshProUGUI:SetArraySizes (TMPro.TMP_Text/TextProcessingElement[]) (at ./Library/PackageCache/com.unity.ugui@d8a2716f3013/Runtime/TMP/TextMeshProUGUI.cs:2012)
TMPro.TMP_Text:ParseInputText () (at ./Library/PackageCache/com.unity.ugui@d8a2716f3013/Runtime/TMP/TMP_Text.cs:2048)
TMPro.TextMeshProUGUI:OnPreRenderCanvas () (at ./Library/PackageCache/com.unity.ugui@d8a2716f3013/Runtime/TMP/TextMeshProUGUI.cs:2496)
TMPro.TextMeshProUGUI:Rebuild (UnityEngine.UI.CanvasUpdate) (at ./Library/PackageCache/com.unity.ugui@d8a2716f3013/Runtime/TMP/TextMeshProUGUI.cs:229)
UnityEngine.UI.CanvasUpdateRegistry:PerformUpdate () (at ./Library/PackageCache/com.unity.ugui@d8a2716f3013/Runtime/UGUI/UI/Core/CanvasUpdateRegistry.cs:215)
UnityEngine.Canvas:SendWillRenderCanvases () (at C:/build/output/unity/unity/Modules/UI/ScriptBindings/UICanvas.bindings.cs:123)
UnityEngine.Canvas:ForceUpdateCanvases () (at C:/build/output/unity/unity/Modules/UI/ScriptBindings/UICanvas.bindings.cs:111)
KBP.URDT.UrdtServerHost:PumpInputTransaction (int) (at ./Packages/com.davasko.urdt/Runtime/UrdtServerHost.cs:663)
KBP.URDT.UrdtServerHost:FinalizeCommandResponse (KBP.URDT.Transport.Command,KBP.URDT.Transport.Response) (at ./Packages/com.davasko.urdt/Runtime/UrdtServerHost.cs:578)
KBP.URDT.Transport.MainThreadDispatcher:PumpInbound () (at ./Packages/com.davasko.urdt/Runtime/Transport/MainThreadDispatcher.cs:193)
KBP.URDT.UrdtServerHost:PumpDispatcherSafely () (at ./Packages/com.davasko.urdt/Runtime/UrdtServerHost.cs:520)
KBP.URDT.UrdtServerHost:Update () (at ./Packages/com.davasko.urdt/Runtime/UrdtServerHost.cs:240)

(Filename: C:/build/output/unity/unity/Runtime/Export/Debug/Debug.bindings.cs Line: 216)

<color=#00FF99>[2D Polygon] Механика 'M04_MultiLayerAttachment - Механика #4: Сборка многокомпонентной иерархии (2 Этапа)' УСПЕШНО ЗАВЕРШЕНА!</color>
UnityEngine.Debug:ExtractStackTraceNoAlloc (byte*,int,string)
UnityEngine.StackTraceUtility:ExtractStackTrace () (at C:/build/output/unity/unity/Runtime/Export/Scripting/StackTrace.cs:35)
UnityEngine.DebugLogHandler:Internal_Log (UnityEngine.LogType,UnityEngine.LogOption,string,UnityEngine.Object)
UnityEngine.DebugLogHandler:LogFormat (UnityEngine.LogType,UnityEngine.Object,string,object[]) (at C:/build/output/unity/unity/Runtime/Export/Logging/DebugLogHandler.cs:9)
UnityEngine.Logger:Log (UnityEngine.LogType,object) (at C:/build/output/unity/unity/Runtime/Export/Logging/Logger.cs:60)
UnityEngine.Debug:Log (object) (at C:/build/output/unity/unity/Runtime/Export/Debug/Debug.bindings.cs:123)
KBP.URDT.TestPoligon.Mechanics2D.Core.BaseMechanic2DModule:NotifyCompleted () (at E:/Projects/URDT/Assets/URDT_TestPoligon/2D_Polygon/Scripts/Core/BaseMechanic2DModule.cs:82)
KBP.URDT.TestPoligon.Mechanics2D.Core.BaseMechanic2DModule:CompleteMechanic () (at E:/Projects/URDT/Assets/URDT_TestPoligon/2D_Polygon/Scripts/Core/BaseMechanic2DModule.cs:58)
KBP.URDT.TestPoligon.Mechanics2D.M04_MultiLayerAttachment.M04_MultiLayerAttachmentMechanic:HandlePartSnapped (KBP.URDT.TestPoligon.Mechanics2D.M04_MultiLayerAttachment.AttachmentPart,KBP.URDT.TestPoligon.Mechanics2D.M04_MultiLayerAttachment.AttachmentSlot) (at E:/Projects/URDT/Assets/URDT_TestPoligon/2D_Polygon/Scripts/Mechanics/M04_MultiLayerAttachment/M04_MultiLayerAttachmentMechanic.cs:365)
KBP.URDT.TestPoligon.Mechanics2D.M04_MultiLayerAttachment.AttachmentPart:OnEndDrag (UnityEngine.EventSystems.PointerEventData) (at E:/Projects/URDT/Assets/URDT_TestPoligon/2D_Polygon/Scripts/Mechanics/M04_MultiLayerAttachment/AttachmentPart.cs:227)
UnityEngine.EventSystems.ExecuteEvents:Execute (UnityEngine.EventSystems.IEndDragHandler,UnityEngine.EventSystems.BaseEventData) (at ./Library/PackageCache/com.unity.ugui@d8a2716f3013/Runtime/UGUI/EventSystem/ExecuteEvents.cs:85)
UnityEngine.EventSystems.ExecuteEvents:Execute<UnityEngine.EventSystems.IEndDragHandler> (UnityEngine.GameObject,UnityEngine.EventSystems.BaseEventData,UnityEngine.EventSystems.ExecuteEvents/EventFunction`1<UnityEngine.EventSystems.IEndDragHandler>) (at ./Library/PackageCache/com.unity.ugui@d8a2716f3013/Runtime/UGUI/EventSystem/ExecuteEvents.cs:272)
UnityEngine.InputSystem.UI.InputSystemUIInputModule:ProcessPointerButton (UnityEngine.InputSystem.UI.PointerModel/ButtonState&,UnityEngine.EventSystems.PointerEventData) (at ./Library/PackageCache/com.unity.inputsystem@57d0e36f6123/InputSystem/Plugins/UI/InputSystemUIInputModule.cs:741)
UnityEngine.InputSystem.UI.InputSystemUIInputModule:ProcessPointer (UnityEngine.InputSystem.UI.PointerModel&) (at ./Library/PackageCache/com.unity.inputsystem@57d0e36f6123/InputSystem/Plugins/UI/InputSystemUIInputModule.cs:490)
UnityEngine.InputSystem.UI.InputSystemUIInputModule:Process () (at ./Library/PackageCache/com.unity.inputsystem@57d0e36f6123/InputSystem/Plugins/UI/InputSystemUIInputModule.cs:2404)
KBP.URDT.UrdtServerHost:ProcessEventSystemOnce () (at ./Packages/com.davasko.urdt/Runtime/UrdtServerHost.cs:708)
KBP.URDT.UrdtServerHost:PumpInputTransaction (int) (at ./Packages/com.davasko.urdt/Runtime/UrdtServerHost.cs:662)
KBP.URDT.UrdtServerHost:FinalizeCommandResponse (KBP.URDT.Transport.Command,KBP.URDT.Transport.Response) (at ./Packages/com.davasko.urdt/Runtime/UrdtServerHost.cs:578)
KBP.URDT.Transport.MainThreadDispatcher:PumpInbound () (at ./Packages/com.davasko.urdt/Runtime/Transport/MainThreadDispatcher.cs:193)
KBP.URDT.UrdtServerHost:PumpDispatcherSafely () (at ./Packages/com.davasko.urdt/Runtime/UrdtServerHost.cs:520)
KBP.URDT.UrdtServerHost:Update () (at ./Packages/com.davasko.urdt/Runtime/UrdtServerHost.cs:240)

(Filename: C:/build/output/unity/unity/Runtime/Export/Debug/Debug.bindings.cs Line: 123)

The character with Unicode value \u25B6 was not found in the [LiberationSans SDF] font asset or any potential fallbacks. It was replaced by Unicode character \u25A1 in text object [Label].
UnityEngine.Debug:ExtractStackTraceNoAlloc (byte*,int,string)
UnityEngine.StackTraceUtility:ExtractStackTrace () (at C:/build/output/unity/unity/Runtime/Export/Scripting/StackTrace.cs:35)
UnityEngine.DebugLogHandler:Internal_Log (UnityEngine.LogType,UnityEngine.LogOption,string,UnityEngine.Object)
UnityEngine.DebugLogHandler:LogFormat (UnityEngine.LogType,UnityEngine.Object,string,object[]) (at C:/build/output/unity/unity/Runtime/Export/Logging/DebugLogHandler.cs:9)
UnityEngine.Logger:Log (UnityEngine.LogType,object,UnityEngine.Object) (at C:/build/output/unity/unity/Runtime/Export/Logging/Logger.cs:66)
UnityEngine.Debug:LogWarning (object,UnityEngine.Object) (at C:/build/output/unity/unity/Runtime/Export/Debug/Debug.bindings.cs:216)
TMPro.TextMeshProUGUI:SetArraySizes (TMPro.TMP_Text/TextProcessingElement[]) (at ./Library/PackageCache/com.unity.ugui@d8a2716f3013/Runtime/TMP/TextMeshProUGUI.cs:2012)
TMPro.TMP_Text:ParseInputText () (at ./Library/PackageCache/com.unity.ugui@d8a2716f3013/Runtime/TMP/TMP_Text.cs:2048)
TMPro.TextMeshProUGUI:OnPreRenderCanvas () (at ./Library/PackageCache/com.unity.ugui@d8a2716f3013/Runtime/TMP/TextMeshProUGUI.cs:2496)
TMPro.TextMeshProUGUI:Rebuild (UnityEngine.UI.CanvasUpdate) (at ./Library/PackageCache/com.unity.ugui@d8a2716f3013/Runtime/TMP/TextMeshProUGUI.cs:229)
UnityEngine.UI.CanvasUpdateRegistry:PerformUpdate () (at ./Library/PackageCache/com.unity.ugui@d8a2716f3013/Runtime/UGUI/UI/Core/CanvasUpdateRegistry.cs:215)
UnityEngine.Canvas:SendWillRenderCanvases () (at C:/build/output/unity/unity/Modules/UI/ScriptBindings/UICanvas.bindings.cs:123)

(Filename: C:/build/output/unity/unity/Runtime/Export/Debug/Debug.bindings.cs Line: 216)

The character with Unicode value \u25B6 was not found in the [LiberationSans SDF] font asset or any potential fallbacks. It was replaced by Unicode character \u25A1 in text object [Label].
UnityEngine.Debug:ExtractStackTraceNoAlloc (byte*,int,string)
UnityEngine.StackTraceUtility:ExtractStackTrace () (at C:/build/output/unity/unity/Runtime/Export/Scripting/StackTrace.cs:35)
UnityEngine.DebugLogHandler:Internal_Log (UnityEngine.LogType,UnityEngine.LogOption,string,UnityEngine.Object)
UnityEngine.DebugLogHandler:LogFormat (UnityEngine.LogType,UnityEngine.Object,string,object[]) (at C:/build/output/unity/unity/Runtime/Export/Logging/DebugLogHandler.cs:9)
UnityEngine.Logger:Log (UnityEngine.LogType,object,UnityEngine.Object) (at C:/build/output/unity/unity/Runtime/Export/Logging/Logger.cs:66)
UnityEngine.Debug:LogWarning (object,UnityEngine.Object) (at C:/build/output/unity/unity/Runtime/Export/Debug/Debug.bindings.cs:216)
TMPro.TextMeshProUGUI:SetArraySizes (TMPro.TMP_Text/TextProcessingElement[]) (at ./Library/PackageCache/com.unity.ugui@d8a2716f3013/Runtime/TMP/TextMeshProUGUI.cs:2012)
TMPro.TMP_Text:ParseInputText () (at ./Library/PackageCache/com.unity.ugui@d8a2716f3013/Runtime/TMP/TMP_Text.cs:2048)
TMPro.TextMeshProUGUI:OnPreRenderCanvas () (at ./Library/PackageCache/com.unity.ugui@d8a2716f3013/Runtime/TMP/TextMeshProUGUI.cs:2496)
TMPro.TextMeshProUGUI:Rebuild (UnityEngine.UI.CanvasUpdate) (at ./Library/PackageCache/com.unity.ugui@d8a2716f3013/Runtime/TMP/TextMeshProUGUI.cs:229)
UnityEngine.UI.CanvasUpdateRegistry:PerformUpdate () (at ./Library/PackageCache/com.unity.ugui@d8a2716f3013/Runtime/UGUI/UI/Core/CanvasUpdateRegistry.cs:215)
UnityEngine.Canvas:SendWillRenderCanvases () (at C:/build/output/unity/unity/Modules/UI/ScriptBindings/UICanvas.bindings.cs:123)
UnityEngine.Canvas:ForceUpdateCanvases () (at C:/build/output/unity/unity/Modules/UI/ScriptBindings/UICanvas.bindings.cs:111)
KBP.URDT.UrdtServerHost:PumpInputTransaction (int) (at ./Packages/com.davasko.urdt/Runtime/UrdtServerHost.cs:663)
KBP.URDT.UrdtServerHost:FinalizeCommandResponse (KBP.URDT.Transport.Command,KBP.URDT.Transport.Response) (at ./Packages/com.davasko.urdt/Runtime/UrdtServerHost.cs:578)
KBP.URDT.Transport.MainThreadDispatcher:PumpInbound () (at ./Packages/com.davasko.urdt/Runtime/Transport/MainThreadDispatcher.cs:193)
KBP.URDT.UrdtServerHost:PumpDispatcherSafely () (at ./Packages/com.davasko.urdt/Runtime/UrdtServerHost.cs:520)
KBP.URDT.UrdtServerHost:Update () (at ./Packages/com.davasko.urdt/Runtime/UrdtServerHost.cs:240)

(Filename: C:/build/output/unity/unity/Runtime/Export/Debug/Debug.bindings.cs Line: 216)

<color=#00FF99>[2D Polygon] Механика 'M05_TimelineSequencer - Механика #5: Сборка исполняемой очереди команд' УСПЕШНО ЗАВЕРШЕНА!</color>
UnityEngine.Debug:ExtractStackTraceNoAlloc (byte*,int,string)
UnityEngine.StackTraceUtility:ExtractStackTrace () (at C:/build/output/unity/unity/Runtime/Export/Scripting/StackTrace.cs:35)
UnityEngine.DebugLogHandler:Internal_Log (UnityEngine.LogType,UnityEngine.LogOption,string,UnityEngine.Object)
UnityEngine.DebugLogHandler:LogFormat (UnityEngine.LogType,UnityEngine.Object,string,object[]) (at C:/build/output/unity/unity/Runtime/Export/Logging/DebugLogHandler.cs:9)
UnityEngine.Logger:Log (UnityEngine.LogType,object) (at C:/build/output/unity/unity/Runtime/Export/Logging/Logger.cs:60)
UnityEngine.Debug:Log (object) (at C:/build/output/unity/unity/Runtime/Export/Debug/Debug.bindings.cs:123)
KBP.URDT.TestPoligon.Mechanics2D.Core.BaseMechanic2DModule:NotifyCompleted () (at E:/Projects/URDT/Assets/URDT_TestPoligon/2D_Polygon/Scripts/Core/BaseMechanic2DModule.cs:82)
KBP.URDT.TestPoligon.Mechanics2D.Core.BaseMechanic2DModule:CompleteMechanic () (at E:/Projects/URDT/Assets/URDT_TestPoligon/2D_Polygon/Scripts/Core/BaseMechanic2DModule.cs:58)
KBP.URDT.TestPoligon.Mechanics2D.M05_TimelineSequencer.M05_TimelineSequencerMechanic/<ExecuteTimelineRoutine>d__14:MoveNext () (at E:/Projects/URDT/Assets/URDT_TestPoligon/2D_Polygon/Scripts/Mechanics/M05_TimelineSequencer/M05_TimelineSequencerMechanic.cs:169)
UnityEngine.SetupCoroutine:InvokeMoveNext (System.Collections.IEnumerator,intptr) (at C:/build/output/unity/unity/Runtime/Export/Scripting/Coroutines.cs:17)

(Filename: C:/build/output/unity/unity/Runtime/Export/Debug/Debug.bindings.cs Line: 123)

<color=#00FF99>[2D Polygon] Механика 'M06_NodePairing - Механика #6: Соединение графовых узлов эластичной связью' УСПЕШНО ЗАВЕРШЕНА!</color>
UnityEngine.Debug:ExtractStackTraceNoAlloc (byte*,int,string)
UnityEngine.StackTraceUtility:ExtractStackTrace () (at C:/build/output/unity/unity/Runtime/Export/Scripting/StackTrace.cs:35)
UnityEngine.DebugLogHandler:Internal_Log (UnityEngine.LogType,UnityEngine.LogOption,string,UnityEngine.Object)
UnityEngine.DebugLogHandler:LogFormat (UnityEngine.LogType,UnityEngine.Object,string,object[]) (at C:/build/output/unity/unity/Runtime/Export/Logging/DebugLogHandler.cs:9)
UnityEngine.Logger:Log (UnityEngine.LogType,object) (at C:/build/output/unity/unity/Runtime/Export/Logging/Logger.cs:60)
UnityEngine.Debug:Log (object) (at C:/build/output/unity/unity/Runtime/Export/Debug/Debug.bindings.cs:123)
KBP.URDT.TestPoligon.Mechanics2D.Core.BaseMechanic2DModule:NotifyCompleted () (at E:/Projects/URDT/Assets/URDT_TestPoligon/2D_Polygon/Scripts/Core/BaseMechanic2DModule.cs:82)
KBP.URDT.TestPoligon.Mechanics2D.Core.BaseMechanic2DModule:CompleteMechanic () (at E:/Projects/URDT/Assets/URDT_TestPoligon/2D_Polygon/Scripts/Core/BaseMechanic2DModule.cs:58)
KBP.URDT.TestPoligon.Mechanics2D.M06_NodePairing.M06_NodePairingMechanic:HandleDragEnded (KBP.URDT.TestPoligon.Mechanics2D.M06_NodePairing.NodePin,UnityEngine.EventSystems.PointerEventData) (at E:/Projects/URDT/Assets/URDT_TestPoligon/2D_Polygon/Scripts/Mechanics/M06_NodePairing/M06_NodePairingMechanic.cs:224)
KBP.URDT.TestPoligon.Mechanics2D.M06_NodePairing.NodePin:OnPointerUp (UnityEngine.EventSystems.PointerEventData) (at E:/Projects/URDT/Assets/URDT_TestPoligon/2D_Polygon/Scripts/Mechanics/M06_NodePairing/NodePin.cs:107)
UnityEngine.EventSystems.ExecuteEvents:Execute (UnityEngine.EventSystems.IPointerUpHandler,UnityEngine.EventSystems.BaseEventData) (at ./Library/PackageCache/com.unity.ugui@d8a2716f3013/Runtime/UGUI/EventSystem/ExecuteEvents.cs:50)
UnityEngine.EventSystems.ExecuteEvents:Execute<UnityEngine.EventSystems.IPointerUpHandler> (UnityEngine.GameObject,UnityEngine.EventSystems.BaseEventData,UnityEngine.EventSystems.ExecuteEvents/EventFunction`1<UnityEngine.EventSystems.IPointerUpHandler>) (at ./Library/PackageCache/com.unity.ugui@d8a2716f3013/Runtime/UGUI/EventSystem/ExecuteEvents.cs:272)
UnityEngine.InputSystem.UI.InputSystemUIInputModule:ProcessPointerButton (UnityEngine.InputSystem.UI.PointerModel/ButtonState&,UnityEngine.EventSystems.PointerEventData) (at ./Library/PackageCache/com.unity.inputsystem@57d0e36f6123/InputSystem/Plugins/UI/InputSystemUIInputModule.cs:726)
UnityEngine.InputSystem.UI.InputSystemUIInputModule:ProcessPointer (UnityEngine.InputSystem.UI.PointerModel&) (at ./Library/PackageCache/com.unity.inputsystem@57d0e36f6123/InputSystem/Plugins/UI/InputSystemUIInputModule.cs:490)
UnityEngine.InputSystem.UI.InputSystemUIInputModule:Process () (at ./Library/PackageCache/com.unity.inputsystem@57d0e36f6123/InputSystem/Plugins/UI/InputSystemUIInputModule.cs:2404)
KBP.URDT.UrdtServerHost:ProcessEventSystemOnce () (at ./Packages/com.davasko.urdt/Runtime/UrdtServerHost.cs:708)
KBP.URDT.UrdtServerHost:PumpInputTransaction (int) (at ./Packages/com.davasko.urdt/Runtime/UrdtServerHost.cs:662)
KBP.URDT.UrdtServerHost:FinalizeCommandResponse (KBP.URDT.Transport.Command,KBP.URDT.Transport.Response) (at ./Packages/com.davasko.urdt/Runtime/UrdtServerHost.cs:578)
KBP.URDT.Transport.MainThreadDispatcher:PumpInbound () (at ./Packages/com.davasko.urdt/Runtime/Transport/MainThreadDispatcher.cs:193)
KBP.URDT.UrdtServerHost:PumpDispatcherSafely () (at ./Packages/com.davasko.urdt/Runtime/UrdtServerHost.cs:520)
KBP.URDT.UrdtServerHost:Update () (at ./Packages/com.davasko.urdt/Runtime/UrdtServerHost.cs:240)

(Filename: C:/build/output/unity/unity/Runtime/Export/Debug/Debug.bindings.cs Line: 123)

<color=#00FF99>[2D Polygon] Механика 'M07_WobbleAndSnap - Механика #7: Преодоление сопротивления пружины (Wobble & Snap)' УСПЕШНО ЗАВЕРШЕНА!</color>
UnityEngine.Debug:ExtractStackTraceNoAlloc (byte*,int,string)
UnityEngine.StackTraceUtility:ExtractStackTrace () (at C:/build/output/unity/unity/Runtime/Export/Scripting/StackTrace.cs:35)
UnityEngine.DebugLogHandler:Internal_Log (UnityEngine.LogType,UnityEngine.LogOption,string,UnityEngine.Object)
UnityEngine.DebugLogHandler:LogFormat (UnityEngine.LogType,UnityEngine.Object,string,object[]) (at C:/build/output/unity/unity/Runtime/Export/Logging/DebugLogHandler.cs:9)
UnityEngine.Logger:Log (UnityEngine.LogType,object) (at C:/build/output/unity/unity/Runtime/Export/Logging/Logger.cs:60)
UnityEngine.Debug:Log (object) (at C:/build/output/unity/unity/Runtime/Export/Debug/Debug.bindings.cs:123)
KBP.URDT.TestPoligon.Mechanics2D.Core.BaseMechanic2DModule:NotifyCompleted () (at E:/Projects/URDT/Assets/URDT_TestPoligon/2D_Polygon/Scripts/Core/BaseMechanic2DModule.cs:82)
KBP.URDT.TestPoligon.Mechanics2D.Core.BaseMechanic2DModule:CompleteMechanic () (at E:/Projects/URDT/Assets/URDT_TestPoligon/2D_Polygon/Scripts/Core/BaseMechanic2DModule.cs:58)
KBP.URDT.TestPoligon.Mechanics2D.M07_WobbleAndSnap.M07_WobbleAndSnapMechanic:HandleSnapped () (at E:/Projects/URDT/Assets/URDT_TestPoligon/2D_Polygon/Scripts/Mechanics/M07_WobbleAndSnap/M07_WobbleAndSnapMechanic.cs:131)
KBP.URDT.TestPoligon.Mechanics2D.M07_WobbleAndSnap.WobbleItem:SnapOff () (at E:/Projects/URDT/Assets/URDT_TestPoligon/2D_Polygon/Scripts/Mechanics/M07_WobbleAndSnap/WobbleItem.cs:152)
KBP.URDT.TestPoligon.Mechanics2D.M07_WobbleAndSnap.WobbleItem:OnDrag (UnityEngine.EventSystems.PointerEventData) (at E:/Projects/URDT/Assets/URDT_TestPoligon/2D_Polygon/Scripts/Mechanics/M07_WobbleAndSnap/WobbleItem.cs:136)
KBP.URDT.TestPoligon.Mechanics2D.M07_WobbleAndSnap.WobbleItem:ProcessExternalDrag (UnityEngine.EventSystems.PointerEventData) (at E:/Projects/URDT/Assets/URDT_TestPoligon/2D_Polygon/Scripts/Mechanics/M07_WobbleAndSnap/WobbleItem.cs:87)
KBP.URDT.TestPoligon.Mechanics2D.M07_WobbleAndSnap.DentalForcepsTool:OnDrag (UnityEngine.EventSystems.PointerEventData) (at E:/Projects/URDT/Assets/URDT_TestPoligon/2D_Polygon/Scripts/Mechanics/M07_WobbleAndSnap/DentalForcepsTool.cs:117)
UnityEngine.EventSystems.ExecuteEvents:Execute (UnityEngine.EventSystems.IDragHandler,UnityEngine.EventSystems.BaseEventData) (at ./Library/PackageCache/com.unity.ugui@d8a2716f3013/Runtime/UGUI/EventSystem/ExecuteEvents.cs:78)
UnityEngine.EventSystems.ExecuteEvents:Execute<UnityEngine.EventSystems.IDragHandler> (UnityEngine.GameObject,UnityEngine.EventSystems.BaseEventData,UnityEngine.EventSystems.ExecuteEvents/EventFunction`1<UnityEngine.EventSystems.IDragHandler>) (at ./Library/PackageCache/com.unity.ugui@d8a2716f3013/Runtime/UGUI/EventSystem/ExecuteEvents.cs:272)
UnityEngine.InputSystem.UI.InputSystemUIInputModule:ProcessPointerButtonDrag (UnityEngine.InputSystem.UI.PointerModel/ButtonState&,UnityEngine.InputSystem.UI.ExtendedPointerEventData) (at ./Library/PackageCache/com.unity.inputsystem@57d0e36f6123/InputSystem/Plugins/UI/InputSystemUIInputModule.cs:785)
UnityEngine.InputSystem.UI.InputSystemUIInputModule:ProcessPointer (UnityEngine.InputSystem.UI.PointerModel&) (at ./Library/PackageCache/com.unity.inputsystem@57d0e36f6123/InputSystem/Plugins/UI/InputSystemUIInputModule.cs:491)
UnityEngine.InputSystem.UI.InputSystemUIInputModule:Process () (at ./Library/PackageCache/com.unity.inputsystem@57d0e36f6123/InputSystem/Plugins/UI/InputSystemUIInputModule.cs:2404)
KBP.URDT.UrdtServerHost:ProcessEventSystemOnce () (at ./Packages/com.davasko.urdt/Runtime/UrdtServerHost.cs:708)
KBP.URDT.UrdtServerHost:PumpInputTransaction (int) (at ./Packages/com.davasko.urdt/Runtime/UrdtServerHost.cs:662)
KBP.URDT.UrdtServerHost:FinalizeCommandResponse (KBP.URDT.Transport.Command,KBP.URDT.Transport.Response) (at ./Packages/com.davasko.urdt/Runtime/UrdtServerHost.cs:578)
KBP.URDT.Transport.MainThreadDispatcher:PumpInbound () (at ./Packages/com.davasko.urdt/Runtime/Transport/MainThreadDispatcher.cs:193)
KBP.URDT.UrdtServerHost:PumpDispatcherSafely () (at ./Packages/com.davasko.urdt/Runtime/UrdtServerHost.cs:520)
KBP.URDT.UrdtServerHost:Update () (at ./Packages/com.davasko.urdt/Runtime/UrdtServerHost.cs:240)

(Filename: C:/build/output/unity/unity/Runtime/Export/Debug/Debug.bindings.cs Line: 123)

<color=#00FF99>[2D Polygon] Механика 'M08_WaypointTracking - Механика #8: Трассировка пути по путевым точкам (Waypoint Tracking)' УСПЕШНО ЗАВЕРШЕНА!</color>
UnityEngine.Debug:ExtractStackTraceNoAlloc (byte*,int,string)
UnityEngine.StackTraceUtility:ExtractStackTrace () (at C:/build/output/unity/unity/Runtime/Export/Scripting/StackTrace.cs:35)
UnityEngine.DebugLogHandler:Internal_Log (UnityEngine.LogType,UnityEngine.LogOption,string,UnityEngine.Object)
UnityEngine.DebugLogHandler:LogFormat (UnityEngine.LogType,UnityEngine.Object,string,object[]) (at C:/build/output/unity/unity/Runtime/Export/Logging/DebugLogHandler.cs:9)
UnityEngine.Logger:Log (UnityEngine.LogType,object) (at C:/build/output/unity/unity/Runtime/Export/Logging/Logger.cs:60)
UnityEngine.Debug:Log (object) (at C:/build/output/unity/unity/Runtime/Export/Debug/Debug.bindings.cs:123)
KBP.URDT.TestPoligon.Mechanics2D.Core.BaseMechanic2DModule:NotifyCompleted () (at E:/Projects/URDT/Assets/URDT_TestPoligon/2D_Polygon/Scripts/Core/BaseMechanic2DModule.cs:82)
KBP.URDT.TestPoligon.Mechanics2D.Core.BaseMechanic2DModule:CompleteMechanic () (at E:/Projects/URDT/Assets/URDT_TestPoligon/2D_Polygon/Scripts/Core/BaseMechanic2DModule.cs:58)
KBP.URDT.TestPoligon.Mechanics2D.M08_WaypointTracking.M08_WaypointTrackingMechanic:HandleToolMoved (UnityEngine.Vector2) (at E:/Projects/URDT/Assets/URDT_TestPoligon/2D_Polygon/Scripts/Mechanics/M08_WaypointTracking/M08_WaypointTrackingMechanic.cs:141)
KBP.URDT.TestPoligon.Mechanics2D.M08_WaypointTracking.WaypointTrackerTool:OnDrag (UnityEngine.EventSystems.PointerEventData) (at E:/Projects/URDT/Assets/URDT_TestPoligon/2D_Polygon/Scripts/Mechanics/M08_WaypointTracking/WaypointTrackerTool.cs:73)
UnityEngine.EventSystems.ExecuteEvents:Execute (UnityEngine.EventSystems.IDragHandler,UnityEngine.EventSystems.BaseEventData) (at ./Library/PackageCache/com.unity.ugui@d8a2716f3013/Runtime/UGUI/EventSystem/ExecuteEvents.cs:78)
UnityEngine.EventSystems.ExecuteEvents:Execute<UnityEngine.EventSystems.IDragHandler> (UnityEngine.GameObject,UnityEngine.EventSystems.BaseEventData,UnityEngine.EventSystems.ExecuteEvents/EventFunction`1<UnityEngine.EventSystems.IDragHandler>) (at ./Library/PackageCache/com.unity.ugui@d8a2716f3013/Runtime/UGUI/EventSystem/ExecuteEvents.cs:272)
UnityEngine.InputSystem.UI.InputSystemUIInputModule:ProcessPointerButtonDrag (UnityEngine.InputSystem.UI.PointerModel/ButtonState&,UnityEngine.InputSystem.UI.ExtendedPointerEventData) (at ./Library/PackageCache/com.unity.inputsystem@57d0e36f6123/InputSystem/Plugins/UI/InputSystemUIInputModule.cs:785)
UnityEngine.InputSystem.UI.InputSystemUIInputModule:ProcessPointer (UnityEngine.InputSystem.UI.PointerModel&) (at ./Library/PackageCache/com.unity.inputsystem@57d0e36f6123/InputSystem/Plugins/UI/InputSystemUIInputModule.cs:491)
UnityEngine.InputSystem.UI.InputSystemUIInputModule:Process () (at ./Library/PackageCache/com.unity.inputsystem@57d0e36f6123/InputSystem/Plugins/UI/InputSystemUIInputModule.cs:2404)
KBP.URDT.UrdtServerHost:ProcessEventSystemOnce () (at ./Packages/com.davasko.urdt/Runtime/UrdtServerHost.cs:708)
KBP.URDT.UrdtServerHost:PumpInputTransaction (int) (at ./Packages/com.davasko.urdt/Runtime/UrdtServerHost.cs:662)
KBP.URDT.UrdtServerHost:FinalizeCommandResponse (KBP.URDT.Transport.Command,KBP.URDT.Transport.Response) (at ./Packages/com.davasko.urdt/Runtime/UrdtServerHost.cs:578)
KBP.URDT.Transport.MainThreadDispatcher:PumpInbound () (at ./Packages/com.davasko.urdt/Runtime/Transport/MainThreadDispatcher.cs:193)
KBP.URDT.UrdtServerHost:PumpDispatcherSafely () (at ./Packages/com.davasko.urdt/Runtime/UrdtServerHost.cs:520)
KBP.URDT.UrdtServerHost:Update () (at ./Packages/com.davasko.urdt/Runtime/UrdtServerHost.cs:240)

(Filename: C:/build/output/unity/unity/Runtime/Export/Debug/Debug.bindings.cs Line: 123)

<color=#00FF99>[2D Polygon] Механика 'M09_CoverageAccumulator - Механика #9: Накопление покрытия / Стирание маски (Coverage Accumulator)' УСПЕШНО ЗАВЕРШЕНА!</color>
UnityEngine.Debug:ExtractStackTraceNoAlloc (byte*,int,string)
UnityEngine.StackTraceUtility:ExtractStackTrace () (at C:/build/output/unity/unity/Runtime/Export/Scripting/StackTrace.cs:35)
UnityEngine.DebugLogHandler:Internal_Log (UnityEngine.LogType,UnityEngine.LogOption,string,UnityEngine.Object)
UnityEngine.DebugLogHandler:LogFormat (UnityEngine.LogType,UnityEngine.Object,string,object[]) (at C:/build/output/unity/unity/Runtime/Export/Logging/DebugLogHandler.cs:9)
UnityEngine.Logger:Log (UnityEngine.LogType,object) (at C:/build/output/unity/unity/Runtime/Export/Logging/Logger.cs:60)
UnityEngine.Debug:Log (object) (at C:/build/output/unity/unity/Runtime/Export/Debug/Debug.bindings.cs:123)
KBP.URDT.TestPoligon.Mechanics2D.Core.BaseMechanic2DModule:NotifyCompleted () (at E:/Projects/URDT/Assets/URDT_TestPoligon/2D_Polygon/Scripts/Core/BaseMechanic2DModule.cs:82)
KBP.URDT.TestPoligon.Mechanics2D.Core.BaseMechanic2DModule:CompleteMechanic () (at E:/Projects/URDT/Assets/URDT_TestPoligon/2D_Polygon/Scripts/Core/BaseMechanic2DModule.cs:58)
KBP.URDT.TestPoligon.Mechanics2D.M09_CoverageAccumulator.M09_CoverageAccumulatorMechanic:HandleBrushMoved (UnityEngine.Vector2) (at E:/Projects/URDT/Assets/URDT_TestPoligon/2D_Polygon/Scripts/Mechanics/M09_CoverageAccumulator/M09_CoverageAccumulatorMechanic.cs:110)
KBP.URDT.TestPoligon.Mechanics2D.M09_CoverageAccumulator.SpongeBrush:OnDrag (UnityEngine.EventSystems.PointerEventData) (at E:/Projects/URDT/Assets/URDT_TestPoligon/2D_Polygon/Scripts/Mechanics/M09_CoverageAccumulator/SpongeBrush.cs:72)
UnityEngine.EventSystems.ExecuteEvents:Execute (UnityEngine.EventSystems.IDragHandler,UnityEngine.EventSystems.BaseEventData) (at ./Library/PackageCache/com.unity.ugui@d8a2716f3013/Runtime/UGUI/EventSystem/ExecuteEvents.cs:78)
UnityEngine.EventSystems.ExecuteEvents:Execute<UnityEngine.EventSystems.IDragHandler> (UnityEngine.GameObject,UnityEngine.EventSystems.BaseEventData,UnityEngine.EventSystems.ExecuteEvents/EventFunction`1<UnityEngine.EventSystems.IDragHandler>) (at ./Library/PackageCache/com.unity.ugui@d8a2716f3013/Runtime/UGUI/EventSystem/ExecuteEvents.cs:272)
UnityEngine.InputSystem.UI.InputSystemUIInputModule:ProcessPointerButtonDrag (UnityEngine.InputSystem.UI.PointerModel/ButtonState&,UnityEngine.InputSystem.UI.ExtendedPointerEventData) (at ./Library/PackageCache/com.unity.inputsystem@57d0e36f6123/InputSystem/Plugins/UI/InputSystemUIInputModule.cs:785)
UnityEngine.InputSystem.UI.InputSystemUIInputModule:ProcessPointer (UnityEngine.InputSystem.UI.PointerModel&) (at ./Library/PackageCache/com.unity.inputsystem@57d0e36f6123/InputSystem/Plugins/UI/InputSystemUIInputModule.cs:491)
UnityEngine.InputSystem.UI.InputSystemUIInputModule:Process () (at ./Library/PackageCache/com.unity.inputsystem@57d0e36f6123/InputSystem/Plugins/UI/InputSystemUIInputModule.cs:2404)
KBP.URDT.UrdtServerHost:ProcessEventSystemOnce () (at ./Packages/com.davasko.urdt/Runtime/UrdtServerHost.cs:708)
KBP.URDT.UrdtServerHost:PumpInputTransaction (int) (at ./Packages/com.davasko.urdt/Runtime/UrdtServerHost.cs:662)
KBP.URDT.UrdtServerHost:FinalizeCommandResponse (KBP.URDT.Transport.Command,KBP.URDT.Transport.Response) (at ./Packages/com.davasko.urdt/Runtime/UrdtServerHost.cs:578)
KBP.URDT.Transport.MainThreadDispatcher:PumpInbound () (at ./Packages/com.davasko.urdt/Runtime/Transport/MainThreadDispatcher.cs:193)
KBP.URDT.UrdtServerHost:PumpDispatcherSafely () (at ./Packages/com.davasko.urdt/Runtime/UrdtServerHost.cs:520)
KBP.URDT.UrdtServerHost:Update () (at ./Packages/com.davasko.urdt/Runtime/UrdtServerHost.cs:240)

(Filename: C:/build/output/unity/unity/Runtime/Export/Debug/Debug.bindings.cs Line: 123)

The character with Unicode value \u25B6 was not found in the [LiberationSans SDF] font asset or any potential fallbacks. It was replaced by Unicode character \u25A1 in text object [Label].
UnityEngine.Debug:ExtractStackTraceNoAlloc (byte*,int,string)
UnityEngine.StackTraceUtility:ExtractStackTrace () (at C:/build/output/unity/unity/Runtime/Export/Scripting/StackTrace.cs:35)
UnityEngine.DebugLogHandler:Internal_Log (UnityEngine.LogType,UnityEngine.LogOption,string,UnityEngine.Object)
UnityEngine.DebugLogHandler:LogFormat (UnityEngine.LogType,UnityEngine.Object,string,object[]) (at C:/build/output/unity/unity/Runtime/Export/Logging/DebugLogHandler.cs:9)
UnityEngine.Logger:Log (UnityEngine.LogType,object,UnityEngine.Object) (at C:/build/output/unity/unity/Runtime/Export/Logging/Logger.cs:66)
UnityEngine.Debug:LogWarning (object,UnityEngine.Object) (at C:/build/output/unity/unity/Runtime/Export/Debug/Debug.bindings.cs:216)
TMPro.TextMeshProUGUI:SetArraySizes (TMPro.TMP_Text/TextProcessingElement[]) (at ./Library/PackageCache/com.unity.ugui@d8a2716f3013/Runtime/TMP/TextMeshProUGUI.cs:2012)
TMPro.TMP_Text:ParseInputText () (at ./Library/PackageCache/com.unity.ugui@d8a2716f3013/Runtime/TMP/TMP_Text.cs:2048)
TMPro.TextMeshProUGUI:OnPreRenderCanvas () (at ./Library/PackageCache/com.unity.ugui@d8a2716f3013/Runtime/TMP/TextMeshProUGUI.cs:2496)
TMPro.TextMeshProUGUI:Rebuild (UnityEngine.UI.CanvasUpdate) (at ./Library/PackageCache/com.unity.ugui@d8a2716f3013/Runtime/TMP/TextMeshProUGUI.cs:229)
UnityEngine.UI.CanvasUpdateRegistry:PerformUpdate () (at ./Library/PackageCache/com.unity.ugui@d8a2716f3013/Runtime/UGUI/UI/Core/CanvasUpdateRegistry.cs:215)
UnityEngine.Canvas:SendWillRenderCanvases () (at C:/build/output/unity/unity/Modules/UI/ScriptBindings/UICanvas.bindings.cs:123)

(Filename: C:/build/output/unity/unity/Runtime/Export/Debug/Debug.bindings.cs Line: 216)

<color=#00FF99>[2D Polygon] Механика 'M10_TimedAccumulator - Механика #10: Временной интегратор с контролем диапазона (Timed Accumulator)' УСПЕШНО ЗАВЕРШЕНА!</color>
UnityEngine.Debug:ExtractStackTraceNoAlloc (byte*,int,string)
UnityEngine.StackTraceUtility:ExtractStackTrace () (at C:/build/output/unity/unity/Runtime/Export/Scripting/StackTrace.cs:35)
UnityEngine.DebugLogHandler:Internal_Log (UnityEngine.LogType,UnityEngine.LogOption,string,UnityEngine.Object)
UnityEngine.DebugLogHandler:LogFormat (UnityEngine.LogType,UnityEngine.Object,string,object[]) (at C:/build/output/unity/unity/Runtime/Export/Logging/DebugLogHandler.cs:9)
UnityEngine.Logger:Log (UnityEngine.LogType,object) (at C:/build/output/unity/unity/Runtime/Export/Logging/Logger.cs:60)
UnityEngine.Debug:Log (object) (at C:/build/output/unity/unity/Runtime/Export/Debug/Debug.bindings.cs:123)
KBP.URDT.TestPoligon.Mechanics2D.Core.BaseMechanic2DModule:NotifyCompleted () (at E:/Projects/URDT/Assets/URDT_TestPoligon/2D_Polygon/Scripts/Core/BaseMechanic2DModule.cs:82)
KBP.URDT.TestPoligon.Mechanics2D.Core.BaseMechanic2DModule:CompleteMechanic () (at E:/Projects/URDT/Assets/URDT_TestPoligon/2D_Polygon/Scripts/Core/BaseMechanic2DModule.cs:58)
KBP.URDT.TestPoligon.Mechanics2D.M10_TimedAccumulator.M10_TimedAccumulatorMechanic:HandleButtonReleased () (at E:/Projects/URDT/Assets/URDT_TestPoligon/2D_Polygon/Scripts/Mechanics/M10_TimedAccumulator/M10_TimedAccumulatorMechanic.cs:120)
KBP.URDT.TestPoligon.Mechanics2D.M10_TimedAccumulator.HoldButton:OnPointerUp (UnityEngine.EventSystems.PointerEventData) (at E:/Projects/URDT/Assets/URDT_TestPoligon/2D_Polygon/Scripts/Mechanics/M10_TimedAccumulator/HoldButton.cs:33)
UnityEngine.EventSystems.ExecuteEvents:Execute (UnityEngine.EventSystems.IPointerUpHandler,UnityEngine.EventSystems.BaseEventData) (at ./Library/PackageCache/com.unity.ugui@d8a2716f3013/Runtime/UGUI/EventSystem/ExecuteEvents.cs:50)
UnityEngine.EventSystems.ExecuteEvents:Execute<UnityEngine.EventSystems.IPointerUpHandler> (UnityEngine.GameObject,UnityEngine.EventSystems.BaseEventData,UnityEngine.EventSystems.ExecuteEvents/EventFunction`1<UnityEngine.EventSystems.IPointerUpHandler>) (at ./Library/PackageCache/com.unity.ugui@d8a2716f3013/Runtime/UGUI/EventSystem/ExecuteEvents.cs:272)
UnityEngine.InputSystem.UI.InputSystemUIInputModule:ProcessPointerButton (UnityEngine.InputSystem.UI.PointerModel/ButtonState&,UnityEngine.EventSystems.PointerEventData) (at ./Library/PackageCache/com.unity.inputsystem@57d0e36f6123/InputSystem/Plugins/UI/InputSystemUIInputModule.cs:726)
UnityEngine.InputSystem.UI.InputSystemUIInputModule:ProcessPointer (UnityEngine.InputSystem.UI.PointerModel&) (at ./Library/PackageCache/com.unity.inputsystem@57d0e36f6123/InputSystem/Plugins/UI/InputSystemUIInputModule.cs:490)
UnityEngine.InputSystem.UI.InputSystemUIInputModule:Process () (at ./Library/PackageCache/com.unity.inputsystem@57d0e36f6123/InputSystem/Plugins/UI/InputSystemUIInputModule.cs:2404)
UnityEngine.EventSystems.EventSystem:Update () (at ./Library/PackageCache/com.unity.ugui@d8a2716f3013/Runtime/UGUI/EventSystem/EventSystem.cs:515)

(Filename: C:/build/output/unity/unity/Runtime/Export/Debug/Debug.bindings.cs Line: 123)

<color=#00FF99>[2D Polygon] Механика 'M11_ConeEmitter - Механика #11: Наведение конуса воздействия с деградацией HP цели (Cone Emitter)' УСПЕШНО ЗАВЕРШЕНА!</color>
UnityEngine.Debug:ExtractStackTraceNoAlloc (byte*,int,string)
UnityEngine.StackTraceUtility:ExtractStackTrace () (at C:/build/output/unity/unity/Runtime/Export/Scripting/StackTrace.cs:35)
UnityEngine.DebugLogHandler:Internal_Log (UnityEngine.LogType,UnityEngine.LogOption,string,UnityEngine.Object)
UnityEngine.DebugLogHandler:LogFormat (UnityEngine.LogType,UnityEngine.Object,string,object[]) (at C:/build/output/unity/unity/Runtime/Export/Logging/DebugLogHandler.cs:9)
UnityEngine.Logger:Log (UnityEngine.LogType,object) (at C:/build/output/unity/unity/Runtime/Export/Logging/Logger.cs:60)
UnityEngine.Debug:Log (object) (at C:/build/output/unity/unity/Runtime/Export/Debug/Debug.bindings.cs:123)
KBP.URDT.TestPoligon.Mechanics2D.Core.BaseMechanic2DModule:NotifyCompleted () (at E:/Projects/URDT/Assets/URDT_TestPoligon/2D_Polygon/Scripts/Core/BaseMechanic2DModule.cs:82)
KBP.URDT.TestPoligon.Mechanics2D.Core.BaseMechanic2DModule:CompleteMechanic () (at E:/Projects/URDT/Assets/URDT_TestPoligon/2D_Polygon/Scripts/Core/BaseMechanic2DModule.cs:58)
KBP.URDT.TestPoligon.Mechanics2D.M11_ConeEmitter.M11_ConeEmitterMechanic:Update () (at E:/Projects/URDT/Assets/URDT_TestPoligon/2D_Polygon/Scripts/Mechanics/M11_ConeEmitter/M11_ConeEmitterMechanic.cs:152)

(Filename: C:/build/output/unity/unity/Runtime/Export/Debug/Debug.bindings.cs Line: 123)

<color=#00FF99>[2D Polygon] Механика 'M12_AngularDeltaTracker - Механика #12: Трекер углового смещения (Angular Delta Tracker)' УСПЕШНО ЗАВЕРШЕНА!</color>
UnityEngine.Debug:ExtractStackTraceNoAlloc (byte*,int,string)
UnityEngine.StackTraceUtility:ExtractStackTrace () (at C:/build/output/unity/unity/Runtime/Export/Scripting/StackTrace.cs:35)
UnityEngine.DebugLogHandler:Internal_Log (UnityEngine.LogType,UnityEngine.LogOption,string,UnityEngine.Object)
UnityEngine.DebugLogHandler:LogFormat (UnityEngine.LogType,UnityEngine.Object,string,object[]) (at C:/build/output/unity/unity/Runtime/Export/Logging/DebugLogHandler.cs:9)
UnityEngine.Logger:Log (UnityEngine.LogType,object) (at C:/build/output/unity/unity/Runtime/Export/Logging/Logger.cs:60)
UnityEngine.Debug:Log (object) (at C:/build/output/unity/unity/Runtime/Export/Debug/Debug.bindings.cs:123)
KBP.URDT.TestPoligon.Mechanics2D.Core.BaseMechanic2DModule:NotifyCompleted () (at E:/Projects/URDT/Assets/URDT_TestPoligon/2D_Polygon/Scripts/Core/BaseMechanic2DModule.cs:82)
KBP.URDT.TestPoligon.Mechanics2D.Core.BaseMechanic2DModule:CompleteMechanic () (at E:/Projects/URDT/Assets/URDT_TestPoligon/2D_Polygon/Scripts/Core/BaseMechanic2DModule.cs:58)
KBP.URDT.TestPoligon.Mechanics2D.M12_AngularDeltaTracker.M12_AngularDeltaTrackerMechanic:HandleWheelDelta (single) (at E:/Projects/URDT/Assets/URDT_TestPoligon/2D_Polygon/Scripts/Mechanics/M12_AngularDeltaTracker/M12_AngularDeltaTrackerMechanic.cs:84)
KBP.URDT.TestPoligon.Mechanics2D.M12_AngularDeltaTracker.RotaryWheel:OnDrag (UnityEngine.EventSystems.PointerEventData) (at E:/Projects/URDT/Assets/URDT_TestPoligon/2D_Polygon/Scripts/Mechanics/M12_AngularDeltaTracker/RotaryWheel.cs:76)
UnityEngine.EventSystems.ExecuteEvents:Execute (UnityEngine.EventSystems.IDragHandler,UnityEngine.EventSystems.BaseEventData) (at ./Library/PackageCache/com.unity.ugui@d8a2716f3013/Runtime/UGUI/EventSystem/ExecuteEvents.cs:78)
UnityEngine.EventSystems.ExecuteEvents:Execute<UnityEngine.EventSystems.IDragHandler> (UnityEngine.GameObject,UnityEngine.EventSystems.BaseEventData,UnityEngine.EventSystems.ExecuteEvents/EventFunction`1<UnityEngine.EventSystems.IDragHandler>) (at ./Library/PackageCache/com.unity.ugui@d8a2716f3013/Runtime/UGUI/EventSystem/ExecuteEvents.cs:272)
UnityEngine.InputSystem.UI.InputSystemUIInputModule:ProcessPointerButtonDrag (UnityEngine.InputSystem.UI.PointerModel/ButtonState&,UnityEngine.InputSystem.UI.ExtendedPointerEventData) (at ./Library/PackageCache/com.unity.inputsystem@57d0e36f6123/InputSystem/Plugins/UI/InputSystemUIInputModule.cs:785)
UnityEngine.InputSystem.UI.InputSystemUIInputModule:ProcessPointer (UnityEngine.InputSystem.UI.PointerModel&) (at ./Library/PackageCache/com.unity.inputsystem@57d0e36f6123/InputSystem/Plugins/UI/InputSystemUIInputModule.cs:491)
UnityEngine.InputSystem.UI.InputSystemUIInputModule:Process () (at ./Library/PackageCache/com.unity.inputsystem@57d0e36f6123/InputSystem/Plugins/UI/InputSystemUIInputModule.cs:2404)
KBP.URDT.UrdtServerHost:ProcessEventSystemOnce () (at ./Packages/com.davasko.urdt/Runtime/UrdtServerHost.cs:708)
KBP.URDT.UrdtServerHost:PumpInputSafely () (at ./Packages/com.davasko.urdt/Runtime/UrdtServerHost.cs:613)
KBP.URDT.UrdtServerHost:Update () (at ./Packages/com.davasko.urdt/Runtime/UrdtServerHost.cs:239)

(Filename: C:/build/output/unity/unity/Runtime/Export/Debug/Debug.bindings.cs Line: 123)

<color=#00FF99>[2D Polygon] Механика 'M13_LaneSwitcherRunner - Механика #13: Сдвиг по полосам — Свайпы (Lane Switcher: Swipe)' УСПЕШНО ЗАВЕРШЕНА!</color>
UnityEngine.Debug:ExtractStackTraceNoAlloc (byte*,int,string)
UnityEngine.StackTraceUtility:ExtractStackTrace () (at C:/build/output/unity/unity/Runtime/Export/Scripting/StackTrace.cs:35)
UnityEngine.DebugLogHandler:Internal_Log (UnityEngine.LogType,UnityEngine.LogOption,string,UnityEngine.Object)
UnityEngine.DebugLogHandler:LogFormat (UnityEngine.LogType,UnityEngine.Object,string,object[]) (at C:/build/output/unity/unity/Runtime/Export/Logging/DebugLogHandler.cs:9)
UnityEngine.Logger:Log (UnityEngine.LogType,object) (at C:/build/output/unity/unity/Runtime/Export/Logging/Logger.cs:60)
UnityEngine.Debug:Log (object) (at C:/build/output/unity/unity/Runtime/Export/Debug/Debug.bindings.cs:123)
KBP.URDT.TestPoligon.Mechanics2D.Core.BaseMechanic2DModule:NotifyCompleted () (at E:/Projects/URDT/Assets/URDT_TestPoligon/2D_Polygon/Scripts/Core/BaseMechanic2DModule.cs:82)
KBP.URDT.TestPoligon.Mechanics2D.Core.BaseMechanic2DModule:CompleteMechanic () (at E:/Projects/URDT/Assets/URDT_TestPoligon/2D_Polygon/Scripts/Core/BaseMechanic2DModule.cs:58)
KBP.URDT.TestPoligon.Mechanics2D.M13_LaneSwitcherRunner.M13_LaneSwitcherRunnerMechanic:Update () (at E:/Projects/URDT/Assets/URDT_TestPoligon/2D_Polygon/Scripts/Mechanics/M13_LaneSwitcherRunner/M13_LaneSwitcherRunnerMechanic.cs:396)

(Filename: C:/build/output/unity/unity/Runtime/Export/Debug/Debug.bindings.cs Line: 123)

<color=#00FF99>[2D Polygon] Механика 'M14_SlingshotImpulser - Механика #14: Баллистический импульс с обратным вектором (Slingshot Impulser)' УСПЕШНО ЗАВЕРШЕНА!</color>
UnityEngine.Debug:ExtractStackTraceNoAlloc (byte*,int,string)
UnityEngine.StackTraceUtility:ExtractStackTrace () (at C:/build/output/unity/unity/Runtime/Export/Scripting/StackTrace.cs:35)
UnityEngine.DebugLogHandler:Internal_Log (UnityEngine.LogType,UnityEngine.LogOption,string,UnityEngine.Object)
UnityEngine.DebugLogHandler:LogFormat (UnityEngine.LogType,UnityEngine.Object,string,object[]) (at C:/build/output/unity/unity/Runtime/Export/Logging/DebugLogHandler.cs:9)
UnityEngine.Logger:Log (UnityEngine.LogType,object) (at C:/build/output/unity/unity/Runtime/Export/Logging/Logger.cs:60)
UnityEngine.Debug:Log (object) (at C:/build/output/unity/unity/Runtime/Export/Debug/Debug.bindings.cs:123)
KBP.URDT.TestPoligon.Mechanics2D.Core.BaseMechanic2DModule:NotifyCompleted () (at E:/Projects/URDT/Assets/URDT_TestPoligon/2D_Polygon/Scripts/Core/BaseMechanic2DModule.cs:82)
KBP.URDT.TestPoligon.Mechanics2D.Core.BaseMechanic2DModule:CompleteMechanic () (at E:/Projects/URDT/Assets/URDT_TestPoligon/2D_Polygon/Scripts/Core/BaseMechanic2DModule.cs:58)
KBP.URDT.TestPoligon.Mechanics2D.M14_SlingshotImpulser.M14_SlingshotImpulserMechanic:HandleCanHit (KBP.URDT.TestPoligon.Mechanics2D.M14_SlingshotImpulser.SlingshotTargetCan) (at E:/Projects/URDT/Assets/URDT_TestPoligon/2D_Polygon/Scripts/Mechanics/M14_SlingshotImpulser/M14_SlingshotImpulserMechanic.cs:404)
KBP.URDT.TestPoligon.Mechanics2D.M14_SlingshotImpulser.SlingshotTargetCan:Hit () (at E:/Projects/URDT/Assets/URDT_TestPoligon/2D_Polygon/Scripts/Mechanics/M14_SlingshotImpulser/SlingshotTargetCan.cs:59)
KBP.URDT.TestPoligon.Mechanics2D.M14_SlingshotImpulser.M14_SlingshotImpulserMechanic:Update () (at E:/Projects/URDT/Assets/URDT_TestPoligon/2D_Polygon/Scripts/Mechanics/M14_SlingshotImpulser/M14_SlingshotImpulserMechanic.cs:379)

(Filename: C:/build/output/unity/unity/Runtime/Export/Debug/Debug.bindings.cs Line: 123)

<color=#00FF99>[2D Polygon] Механика 'M15_TimingInterceptor - Механика #15: Перехват объекта во временном окне допуска (Timing Interceptor)' УСПЕШНО ЗАВЕРШЕНА!</color>
UnityEngine.Debug:ExtractStackTraceNoAlloc (byte*,int,string)
UnityEngine.StackTraceUtility:ExtractStackTrace () (at C:/build/output/unity/unity/Runtime/Export/Scripting/StackTrace.cs:35)
UnityEngine.DebugLogHandler:Internal_Log (UnityEngine.LogType,UnityEngine.LogOption,string,UnityEngine.Object)
UnityEngine.DebugLogHandler:LogFormat (UnityEngine.LogType,UnityEngine.Object,string,object[]) (at C:/build/output/unity/unity/Runtime/Export/Logging/DebugLogHandler.cs:9)
UnityEngine.Logger:Log (UnityEngine.LogType,object) (at C:/build/output/unity/unity/Runtime/Export/Logging/Logger.cs:60)
UnityEngine.Debug:Log (object) (at C:/build/output/unity/unity/Runtime/Export/Debug/Debug.bindings.cs:123)
KBP.URDT.TestPoligon.Mechanics2D.Core.BaseMechanic2DModule:NotifyCompleted () (at E:/Projects/URDT/Assets/URDT_TestPoligon/2D_Polygon/Scripts/Core/BaseMechanic2DModule.cs:82)
KBP.URDT.TestPoligon.Mechanics2D.Core.BaseMechanic2DModule:CompleteMechanic () (at E:/Projects/URDT/Assets/URDT_TestPoligon/2D_Polygon/Scripts/Core/BaseMechanic2DModule.cs:58)
KBP.URDT.TestPoligon.Mechanics2D.M15_TimingInterceptor.M15_TimingInterceptorMechanic:AttemptInterception () (at E:/Projects/URDT/Assets/URDT_TestPoligon/2D_Polygon/Scripts/Mechanics/M15_TimingInterceptor/M15_TimingInterceptorMechanic.cs:109)
UnityEngine.Events.InvokableCall:Invoke () (at C:/build/output/unity/unity/Runtime/Export/UnityEvent/UnityEvent.cs:178)
UnityEngine.Events.UnityEvent:Invoke () (at C:/build/output/unity/unity/artifacts/generated/UnityEvent/UnityEvent_0.cs:57)
UnityEngine.UI.Button:Press () (at ./Library/PackageCache/com.unity.ugui@d8a2716f3013/Runtime/UGUI/UI/Core/Button.cs:71)
UnityEngine.UI.Button:OnPointerClick (UnityEngine.EventSystems.PointerEventData) (at ./Library/PackageCache/com.unity.ugui@d8a2716f3013/Runtime/UGUI/UI/Core/Button.cs:115)
UnityEngine.EventSystems.ExecuteEvents:Execute (UnityEngine.EventSystems.IPointerClickHandler,UnityEngine.EventSystems.BaseEventData) (at ./Library/PackageCache/com.unity.ugui@d8a2716f3013/Runtime/UGUI/EventSystem/ExecuteEvents.cs:57)
UnityEngine.EventSystems.ExecuteEvents:Execute<UnityEngine.EventSystems.IPointerClickHandler> (UnityEngine.GameObject,UnityEngine.EventSystems.BaseEventData,UnityEngine.EventSystems.ExecuteEvents/EventFunction`1<UnityEngine.EventSystems.IPointerClickHandler>) (at ./Library/PackageCache/com.unity.ugui@d8a2716f3013/Runtime/UGUI/EventSystem/ExecuteEvents.cs:272)
UnityEngine.InputSystem.UI.InputSystemUIInputModule:ProcessPointerButton (UnityEngine.InputSystem.UI.PointerModel/ButtonState&,UnityEngine.EventSystems.PointerEventData) (at ./Library/PackageCache/com.unity.inputsystem@57d0e36f6123/InputSystem/Plugins/UI/InputSystemUIInputModule.cs:731)
UnityEngine.InputSystem.UI.InputSystemUIInputModule:ProcessPointer (UnityEngine.InputSystem.UI.PointerModel&) (at ./Library/PackageCache/com.unity.inputsystem@57d0e36f6123/InputSystem/Plugins/UI/InputSystemUIInputModule.cs:490)
UnityEngine.InputSystem.UI.InputSystemUIInputModule:Process () (at ./Library/PackageCache/com.unity.inputsystem@57d0e36f6123/InputSystem/Plugins/UI/InputSystemUIInputModule.cs:2404)
KBP.URDT.UrdtServerHost:ProcessEventSystemOnce () (at ./Packages/com.davasko.urdt/Runtime/UrdtServerHost.cs:708)
KBP.URDT.UrdtServerHost:PumpInputTransaction (int) (at ./Packages/com.davasko.urdt/Runtime/UrdtServerHost.cs:662)
KBP.URDT.UrdtServerHost:FinalizeCommandResponse (KBP.URDT.Transport.Command,KBP.URDT.Transport.Response) (at ./Packages/com.davasko.urdt/Runtime/UrdtServerHost.cs:578)
KBP.URDT.Transport.MainThreadDispatcher:PumpInbound () (at ./Packages/com.davasko.urdt/Runtime/Transport/MainThreadDispatcher.cs:193)
KBP.URDT.UrdtServerHost:PumpDispatcherSafely () (at ./Packages/com.davasko.urdt/Runtime/UrdtServerHost.cs:520)
KBP.URDT.UrdtServerHost:Update () (at ./Packages/com.davasko.urdt/Runtime/UrdtServerHost.cs:240)

(Filename: C:/build/output/unity/unity/Runtime/Export/Debug/Debug.bindings.cs Line: 123)

<color=#00FF99>[2D Polygon] Механика 'M16_RhythmPhaseDetector - Механика #16: Синхронизация поочередных фаз движения (Rhythm Phase Detector)' УСПЕШНО ЗАВЕРШЕНА!</color>
UnityEngine.Debug:ExtractStackTraceNoAlloc (byte*,int,string)
UnityEngine.StackTraceUtility:ExtractStackTrace () (at C:/build/output/unity/unity/Runtime/Export/Scripting/StackTrace.cs:35)
UnityEngine.DebugLogHandler:Internal_Log (UnityEngine.LogType,UnityEngine.LogOption,string,UnityEngine.Object)
UnityEngine.DebugLogHandler:LogFormat (UnityEngine.LogType,UnityEngine.Object,string,object[]) (at C:/build/output/unity/unity/Runtime/Export/Logging/DebugLogHandler.cs:9)
UnityEngine.Logger:Log (UnityEngine.LogType,object) (at C:/build/output/unity/unity/Runtime/Export/Logging/Logger.cs:60)
UnityEngine.Debug:Log (object) (at C:/build/output/unity/unity/Runtime/Export/Debug/Debug.bindings.cs:123)
KBP.URDT.TestPoligon.Mechanics2D.Core.BaseMechanic2DModule:NotifyCompleted () (at E:/Projects/URDT/Assets/URDT_TestPoligon/2D_Polygon/Scripts/Core/BaseMechanic2DModule.cs:82)
KBP.URDT.TestPoligon.Mechanics2D.Core.BaseMechanic2DModule:CompleteMechanic () (at E:/Projects/URDT/Assets/URDT_TestPoligon/2D_Polygon/Scripts/Core/BaseMechanic2DModule.cs:58)
KBP.URDT.TestPoligon.Mechanics2D.M16_RhythmPhaseDetector.M16_RhythmPhaseDetectorMechanic:OnLeverPressed (int) (at E:/Projects/URDT/Assets/URDT_TestPoligon/2D_Polygon/Scripts/Mechanics/M16_RhythmPhaseDetector/M16_RhythmPhaseDetectorMechanic.cs:126)
KBP.URDT.TestPoligon.Mechanics2D.M16_RhythmPhaseDetector.M16_RhythmPhaseDetectorMechanic:<Awake>b__13_1 () (at E:/Projects/URDT/Assets/URDT_TestPoligon/2D_Polygon/Scripts/Mechanics/M16_RhythmPhaseDetector/M16_RhythmPhaseDetectorMechanic.cs:41)
UnityEngine.Events.InvokableCall:Invoke () (at C:/build/output/unity/unity/Runtime/Export/UnityEvent/UnityEvent.cs:178)
UnityEngine.Events.UnityEvent:Invoke () (at C:/build/output/unity/unity/artifacts/generated/UnityEvent/UnityEvent_0.cs:57)
UnityEngine.UI.Button:Press () (at ./Library/PackageCache/com.unity.ugui@d8a2716f3013/Runtime/UGUI/UI/Core/Button.cs:71)
UnityEngine.UI.Button:OnPointerClick (UnityEngine.EventSystems.PointerEventData) (at ./Library/PackageCache/com.unity.ugui@d8a2716f3013/Runtime/UGUI/UI/Core/Button.cs:115)
UnityEngine.EventSystems.ExecuteEvents:Execute (UnityEngine.EventSystems.IPointerClickHandler,UnityEngine.EventSystems.BaseEventData) (at ./Library/PackageCache/com.unity.ugui@d8a2716f3013/Runtime/UGUI/EventSystem/ExecuteEvents.cs:57)
UnityEngine.EventSystems.ExecuteEvents:Execute<UnityEngine.EventSystems.IPointerClickHandler> (UnityEngine.GameObject,UnityEngine.EventSystems.BaseEventData,UnityEngine.EventSystems.ExecuteEvents/EventFunction`1<UnityEngine.EventSystems.IPointerClickHandler>) (at ./Library/PackageCache/com.unity.ugui@d8a2716f3013/Runtime/UGUI/EventSystem/ExecuteEvents.cs:272)
UnityEngine.InputSystem.UI.InputSystemUIInputModule:ProcessPointerButton (UnityEngine.InputSystem.UI.PointerModel/ButtonState&,UnityEngine.EventSystems.PointerEventData) (at ./Library/PackageCache/com.unity.inputsystem@57d0e36f6123/InputSystem/Plugins/UI/InputSystemUIInputModule.cs:731)
UnityEngine.InputSystem.UI.InputSystemUIInputModule:ProcessPointer (UnityEngine.InputSystem.UI.PointerModel&) (at ./Library/PackageCache/com.unity.inputsystem@57d0e36f6123/InputSystem/Plugins/UI/InputSystemUIInputModule.cs:490)
UnityEngine.InputSystem.UI.InputSystemUIInputModule:Process () (at ./Library/PackageCache/com.unity.inputsystem@57d0e36f6123/InputSystem/Plugins/UI/InputSystemUIInputModule.cs:2404)
KBP.URDT.UrdtServerHost:ProcessEventSystemOnce () (at ./Packages/com.davasko.urdt/Runtime/UrdtServerHost.cs:708)
KBP.URDT.UrdtServerHost:PumpInputTransaction (int) (at ./Packages/com.davasko.urdt/Runtime/UrdtServerHost.cs:662)
KBP.URDT.UrdtServerHost:FinalizeCommandResponse (KBP.URDT.Transport.Command,KBP.URDT.Transport.Response) (at ./Packages/com.davasko.urdt/Runtime/UrdtServerHost.cs:578)
KBP.URDT.Transport.MainThreadDispatcher:PumpInbound () (at ./Packages/com.davasko.urdt/Runtime/Transport/MainThreadDispatcher.cs:193)
KBP.URDT.UrdtServerHost:PumpDispatcherSafely () (at ./Packages/com.davasko.urdt/Runtime/UrdtServerHost.cs:520)
KBP.URDT.UrdtServerHost:Update () (at ./Packages/com.davasko.urdt/Runtime/UrdtServerHost.cs:240)

(Filename: C:/build/output/unity/unity/Runtime/Export/Debug/Debug.bindings.cs Line: 123)

The character with Unicode value \u25B6 was not found in the [LiberationSans SDF] font asset or any potential fallbacks. It was replaced by Unicode character \u25A1 in text object [Label].
UnityEngine.Debug:ExtractStackTraceNoAlloc (byte*,int,string)
UnityEngine.StackTraceUtility:ExtractStackTrace () (at C:/build/output/unity/unity/Runtime/Export/Scripting/StackTrace.cs:35)
UnityEngine.DebugLogHandler:Internal_Log (UnityEngine.LogType,UnityEngine.LogOption,string,UnityEngine.Object)
UnityEngine.DebugLogHandler:LogFormat (UnityEngine.LogType,UnityEngine.Object,string,object[]) (at C:/build/output/unity/unity/Runtime/Export/Logging/DebugLogHandler.cs:9)
UnityEngine.Logger:Log (UnityEngine.LogType,object,UnityEngine.Object) (at C:/build/output/unity/unity/Runtime/Export/Logging/Logger.cs:66)
UnityEngine.Debug:LogWarning (object,UnityEngine.Object) (at C:/build/output/unity/unity/Runtime/Export/Debug/Debug.bindings.cs:216)
TMPro.TextMeshProUGUI:SetArraySizes (TMPro.TMP_Text/TextProcessingElement[]) (at ./Library/PackageCache/com.unity.ugui@d8a2716f3013/Runtime/TMP/TextMeshProUGUI.cs:2012)
TMPro.TMP_Text:ParseInputText () (at ./Library/PackageCache/com.unity.ugui@d8a2716f3013/Runtime/TMP/TMP_Text.cs:2048)
TMPro.TextMeshProUGUI:OnPreRenderCanvas () (at ./Library/PackageCache/com.unity.ugui@d8a2716f3013/Runtime/TMP/TextMeshProUGUI.cs:2496)
TMPro.TextMeshProUGUI:Rebuild (UnityEngine.UI.CanvasUpdate) (at ./Library/PackageCache/com.unity.ugui@d8a2716f3013/Runtime/TMP/TextMeshProUGUI.cs:229)
UnityEngine.UI.CanvasUpdateRegistry:PerformUpdate () (at ./Library/PackageCache/com.unity.ugui@d8a2716f3013/Runtime/UGUI/UI/Core/CanvasUpdateRegistry.cs:215)
UnityEngine.Canvas:SendWillRenderCanvases () (at C:/build/output/unity/unity/Modules/UI/ScriptBindings/UICanvas.bindings.cs:123)

(Filename: C:/build/output/unity/unity/Runtime/Export/Debug/Debug.bindings.cs Line: 216)

<color=#00FF99>[2D Polygon] Механика 'M17_TugOfWarBalance - Механика #17: Аккумулятор интенсивности ввода с диссипацией (Tug-of-War Balance)' УСПЕШНО ЗАВЕРШЕНА!</color>
UnityEngine.Debug:ExtractStackTraceNoAlloc (byte*,int,string)
UnityEngine.StackTraceUtility:ExtractStackTrace () (at C:/build/output/unity/unity/Runtime/Export/Scripting/StackTrace.cs:35)
UnityEngine.DebugLogHandler:Internal_Log (UnityEngine.LogType,UnityEngine.LogOption,string,UnityEngine.Object)
UnityEngine.DebugLogHandler:LogFormat (UnityEngine.LogType,UnityEngine.Object,string,object[]) (at C:/build/output/unity/unity/Runtime/Export/Logging/DebugLogHandler.cs:9)
UnityEngine.Logger:Log (UnityEngine.LogType,object) (at C:/build/output/unity/unity/Runtime/Export/Logging/Logger.cs:60)
UnityEngine.Debug:Log (object) (at C:/build/output/unity/unity/Runtime/Export/Debug/Debug.bindings.cs:123)
KBP.URDT.TestPoligon.Mechanics2D.Core.BaseMechanic2DModule:NotifyCompleted () (at E:/Projects/URDT/Assets/URDT_TestPoligon/2D_Polygon/Scripts/Core/BaseMechanic2DModule.cs:82)
KBP.URDT.TestPoligon.Mechanics2D.Core.BaseMechanic2DModule:CompleteMechanic () (at E:/Projects/URDT/Assets/URDT_TestPoligon/2D_Polygon/Scripts/Core/BaseMechanic2DModule.cs:58)
KBP.URDT.TestPoligon.Mechanics2D.M17_TugOfWarBalance.M17_TugOfWarBalanceMechanic:OnPullTapped () (at E:/Projects/URDT/Assets/URDT_TestPoligon/2D_Polygon/Scripts/Mechanics/M17_TugOfWarBalance/M17_TugOfWarBalanceMechanic.cs:72)
UnityEngine.Events.InvokableCall:Invoke () (at C:/build/output/unity/unity/Runtime/Export/UnityEvent/UnityEvent.cs:178)
UnityEngine.Events.UnityEvent:Invoke () (at C:/build/output/unity/unity/artifacts/generated/UnityEvent/UnityEvent_0.cs:57)
UnityEngine.UI.Button:Press () (at ./Library/PackageCache/com.unity.ugui@d8a2716f3013/Runtime/UGUI/UI/Core/Button.cs:71)
UnityEngine.UI.Button:OnPointerClick (UnityEngine.EventSystems.PointerEventData) (at ./Library/PackageCache/com.unity.ugui@d8a2716f3013/Runtime/UGUI/UI/Core/Button.cs:115)
UnityEngine.EventSystems.ExecuteEvents:Execute (UnityEngine.EventSystems.IPointerClickHandler,UnityEngine.EventSystems.BaseEventData) (at ./Library/PackageCache/com.unity.ugui@d8a2716f3013/Runtime/UGUI/EventSystem/ExecuteEvents.cs:57)
UnityEngine.EventSystems.ExecuteEvents:Execute<UnityEngine.EventSystems.IPointerClickHandler> (UnityEngine.GameObject,UnityEngine.EventSystems.BaseEventData,UnityEngine.EventSystems.ExecuteEvents/EventFunction`1<UnityEngine.EventSystems.IPointerClickHandler>) (at ./Library/PackageCache/com.unity.ugui@d8a2716f3013/Runtime/UGUI/EventSystem/ExecuteEvents.cs:272)
UnityEngine.InputSystem.UI.InputSystemUIInputModule:ProcessPointerButton (UnityEngine.InputSystem.UI.PointerModel/ButtonState&,UnityEngine.EventSystems.PointerEventData) (at ./Library/PackageCache/com.unity.inputsystem@57d0e36f6123/InputSystem/Plugins/UI/InputSystemUIInputModule.cs:731)
UnityEngine.InputSystem.UI.InputSystemUIInputModule:ProcessPointer (UnityEngine.InputSystem.UI.PointerModel&) (at ./Library/PackageCache/com.unity.inputsystem@57d0e36f6123/InputSystem/Plugins/UI/InputSystemUIInputModule.cs:490)
UnityEngine.InputSystem.UI.InputSystemUIInputModule:Process () (at ./Library/PackageCache/com.unity.inputsystem@57d0e36f6123/InputSystem/Plugins/UI/InputSystemUIInputModule.cs:2404)
KBP.URDT.UrdtServerHost:ProcessEventSystemOnce () (at ./Packages/com.davasko.urdt/Runtime/UrdtServerHost.cs:708)
KBP.URDT.UrdtServerHost:PumpInputTransaction (int) (at ./Packages/com.davasko.urdt/Runtime/UrdtServerHost.cs:662)
KBP.URDT.UrdtServerHost:FinalizeCommandResponse (KBP.URDT.Transport.Command,KBP.URDT.Transport.Response) (at ./Packages/com.davasko.urdt/Runtime/UrdtServerHost.cs:578)
KBP.URDT.Transport.MainThreadDispatcher:PumpInbound () (at ./Packages/com.davasko.urdt/Runtime/Transport/MainThreadDispatcher.cs:193)
KBP.URDT.UrdtServerHost:PumpDispatcherSafely () (at ./Packages/com.davasko.urdt/Runtime/UrdtServerHost.cs:520)
KBP.URDT.UrdtServerHost:Update () (at ./Packages/com.davasko.urdt/Runtime/UrdtServerHost.cs:240)

(Filename: C:/build/output/unity/unity/Runtime/Export/Debug/Debug.bindings.cs Line: 123)

URDT: client[54] I/O: Unable to read data from the transport connection: Попытка установить соединение была безуспешной, т.к. от другого компьютера за требуемое время не получен нужный отклик, или было разорвано уже установленное соединение из-за неверного отклика уже подключенного компьютера.
UnityEngine.Debug:ExtractStackTraceNoAlloc (byte*,int,string)
UnityEngine.StackTraceUtility:ExtractStackTrace () (at C:/build/output/unity/unity/Runtime/Export/Scripting/StackTrace.cs:35)
UnityEngine.DebugLogHandler:Internal_Log (UnityEngine.LogType,UnityEngine.LogOption,string,UnityEngine.Object)
UnityEngine.DebugLogHandler:LogFormat (UnityEngine.LogType,UnityEngine.Object,string,object[]) (at C:/build/output/unity/unity/Runtime/Export/Logging/DebugLogHandler.cs:9)
UnityEngine.Logger:Log (UnityEngine.LogType,object) (at C:/build/output/unity/unity/Runtime/Export/Logging/Logger.cs:60)
UnityEngine.Debug:LogWarning (object) (at C:/build/output/unity/unity/Runtime/Export/Debug/Debug.bindings.cs:213)
KBP.URDT.UrdtServerHost:PumpTransportLogs () (at ./Packages/com.davasko.urdt/Runtime/UrdtServerHost.cs:817)
KBP.URDT.UrdtServerHost:Update () (at ./Packages/com.davasko.urdt/Runtime/UrdtServerHost.cs:237)

(Filename: C:/build/output/unity/unity/Runtime/Export/Debug/Debug.bindings.cs Line: 213)

URDT: client[55] I/O: Unable to read data from the transport connection: Попытка установить соединение была безуспешной, т.к. от другого компьютера за требуемое время не получен нужный отклик, или было разорвано уже установленное соединение из-за неверного отклика уже подключенного компьютера.
UnityEngine.Debug:ExtractStackTraceNoAlloc (byte*,int,string)
UnityEngine.StackTraceUtility:ExtractStackTrace () (at C:/build/output/unity/unity/Runtime/Export/Scripting/StackTrace.cs:35)
UnityEngine.DebugLogHandler:Internal_Log (UnityEngine.LogType,UnityEngine.LogOption,string,UnityEngine.Object)
UnityEngine.DebugLogHandler:LogFormat (UnityEngine.LogType,UnityEngine.Object,string,object[]) (at C:/build/output/unity/unity/Runtime/Export/Logging/DebugLogHandler.cs:9)
UnityEngine.Logger:Log (UnityEngine.LogType,object) (at C:/build/output/unity/unity/Runtime/Export/Logging/Logger.cs:60)
UnityEngine.Debug:LogWarning (object) (at C:/build/output/unity/unity/Runtime/Export/Debug/Debug.bindings.cs:213)
KBP.URDT.UrdtServerHost:PumpTransportLogs () (at ./Packages/com.davasko.urdt/Runtime/UrdtServerHost.cs:817)
KBP.URDT.UrdtServerHost:Update () (at ./Packages/com.davasko.urdt/Runtime/UrdtServerHost.cs:237)

(Filename: C:/build/output/unity/unity/Runtime/Export/Debug/Debug.bindings.cs Line: 213)

